[2026-08-12 16:14:49] [INFO] GET /identity-test
[2026-08-12 16:14:49] [ERROR] [E59AE69B] Error: Cannot modify readonly property Sendity\Domain\Identity\Identity::$email
[2026-08-12 16:14:49] [INFO] GET /favicon.ico
[2026-08-12 16:15:00] [INFO] GET /
[2026-08-12 16:15:00] [ERROR] [0286F75D] Exception: Class Sendity\Providers\RetryPolicy not found
[2026-08-12 16:15:00] [INFO] GET /apple-touch-icon-precomposed.png
[2026-08-12 16:15:00] [INFO] GET /apple-touch-icon.png
[2026-08-12 16:15:00] [INFO] GET /favicon.ico
[2026-08-12 16:17:17] [INFO] GET /identity-test
[2026-08-12 16:18:32] [INFO] GET /health
[2026-08-12 16:18:32] [ERROR] [1353AAA9] Exception: Class Sendity\Providers\RetryPolicy not found
[2026-08-12 16:22:19] [INFO] GET /mailbox-test
[2026-08-12 16:22:19] [ERROR] [2B33B2E7] Error: Class "Sendity\Domain\Mailbox\Mailbox" not found
[2026-08-12 16:24:00] [INFO] GET /mailbox-test
[2026-08-13 02:22:09] [INFO] GET /conversation-test
[2026-08-13 18:06:53] [INFO] GET /
[2026-08-13 18:06:53] [ERROR] [74E64D06] Exception: Class Sendity\Providers\RetryPolicy not found
[2026-08-13 18:06:59] [INFO] GET /domain-message-test
[2026-08-13 18:21:08] [INFO] GET /domain-send-resolve-test
[2026-08-13 18:21:08] [ERROR] [A198A54B] Error: Class "Sendity\Application\Mail\SendEmail" not found
[2026-08-13 18:21:42] [INFO] GET /domain-send-resolve-test
[2026-08-13 18:21:42] [ERROR] [692D69DD] Error: Class "Sendity\Application\Mail\SendEmail" not found
[2026-08-13 18:23:48] [INFO] GET /domain-send-resolve-test
[2026-08-13 18:23:48] [ERROR] [3849748D] Error: Class "Sendity\Application\Mail\SendEmail" not found
[2026-08-13 18:25:12] [INFO] GET /domain-send-resolve-test
[2026-08-13 18:25:12] [ERROR] [85D287BA] Error: Class "Sendity\Application\Mail\SendEmail" not found
[2026-08-13 18:25:17] [INFO] GET /domain-send-resolve-test
[2026-08-13 18:25:17] [ERROR] [AEF23278] Error: Class "Sendity\Application\Mail\SendEmail" not found
[2026-08-13 18:29:05] [INFO] GET /domain-send-resolve-test
[2026-08-13 18:29:05] [ERROR] [679896F3] Error: Class "Sendity\Application\Mail\SendEmail" not found
[2026-08-13 18:29:20] [INFO] GET /domain-send-resolve-test
[2026-08-13 18:29:20] [ERROR] [24C27F7A] Error: Class "Sendity\Application\Mail\SendEmail" not found
[2026-08-14 05:11:46] [INFO] GET /domain-send-resolve-test
[2026-08-14 05:11:46] [ERROR] [7CB4CF55] Error: Class "Sendity\Application\Mail\SendEmail" not found
[2026-08-14 05:13:07] [INFO] GET /domain-send-resolve-test
[2026-08-14 05:13:07] [ERROR] [C642CD21] Exception: Class Sendity\Application\Mail\SendEmail not found
[2026-08-14 05:13:38] [INFO] GET /domain-send-resolve-test
[2026-08-14 05:13:38] [ERROR] [CBF8125B] Exception: Class Sendity\Application\Mail\SendEmail not found
[2026-08-14 05:13:58] [INFO] GET /domain-send-resolve-test
[2026-08-14 05:13:58] [ERROR] [487FF09F] Exception: Class Sendity\Application\Mail\SendEmail not found
[2026-08-14 05:14:50] [INFO] GET /domain-send-resolve-test
[2026-08-14 05:14:50] [ERROR] [F27CC578] Exception: Class Sendity\Providers\RetryPolicy not found
[2026-08-14 05:16:43] [INFO] GET /domain-send-resolve-test
[2026-08-14 05:16:43] [ERROR] [C058A605] Exception: Class Sendity\Providers\RetryPolicy not found
[2026-08-14 05:17:03] [INFO] GET /domain-send-resolve-test
[2026-08-14 05:17:03] [ERROR] [AF2CF1D5] Exception: Class Sendity\Providers\RetryPolicy not found
[2026-08-14 05:19:40] [INFO] GET /domain-send-resolve-test
[2026-08-14 05:19:40] [ERROR] [415AB73E] Exception: Class Sendity\Providers\RetryPolicy not found
[2026-08-14 05:19:52] [INFO] GET /domain-send-resolve-test
[2026-08-14 05:19:52] [ERROR] [FA4E3FF3] Exception: Class Sendity\Providers\RetryPolicy not found
[2026-08-14 05:20:52] [INFO] GET /domain-send-resolve-test
[2026-08-14 05:21:32] [INFO] GET /apple-touch-icon-precomposed.png
[2026-08-14 05:21:32] [INFO] GET /apple-touch-icon.png
[2026-08-14 05:21:32] [INFO] GET /favicon.ico
[2026-08-14 05:22:52] [INFO] GET /
[2026-08-14 05:22:53] [INFO] GET /apple-touch-icon-precomposed.png
[2026-08-14 05:22:53] [INFO] GET /apple-touch-icon.png
[2026-08-14 05:22:53] [INFO] GET /favicon.ico
