[2026-07-29 20:46:26] [INFO] GET /send-test
[2026-07-29 20:46:28] [INFO] Mail sent to admin@btm-sa.co.za with subject "Sendity Test"
[2026-07-30 19:40:48] [INFO] GET /
[2026-07-30 19:40:49] [INFO] GET /apple-touch-icon-precomposed.png
[2026-07-30 19:40:49] [INFO] GET /apple-touch-icon.png
[2026-07-30 19:40:49] [INFO] GET /favicon.ico
[2026-07-30 19:40:59] [INFO] GET /imap-debug
[2026-07-30 19:41:10] [INFO] GET /send-test
[2026-07-30 19:41:12] [INFO] Mail sent to admin@btm-sa.co.za with subject "Sendity Test"
[2026-07-30 19:41:41] [INFO] GET /imap-folders
[2026-07-30 19:41:48] [INFO] GET /imap-debug
[2026-07-30 19:55:39] [INFO] GET /imap-folders
[2026-07-30 19:55:41] [INFO] GET /send-test
[2026-07-30 19:55:41] [ERROR] [4AF7D6E1] Error: Class "Sendity\Mail\MailManager" not found
[2026-07-30 19:55:45] [INFO] GET /send-test
[2026-07-30 19:55:45] [ERROR] [F37464AE] Error: Class "Sendity\Mail\MailManager" not found
[2026-07-30 19:56:00] [INFO] GET /send-test
[2026-07-30 19:56:02] [INFO] Mail sent to admin@btm-sa.co.za with subject "Sendity Test"
[2026-07-30 19:56:26] [INFO] GET /imap-test
[2026-07-30 19:57:34] [INFO] GET /mail-manager-test
[2026-07-30 20:10:18] [INFO] GET /message-id-test
[2026-07-30 20:10:18] [ERROR] [F811CAC6] Error: Class "Sendity\Mail\MessageIdGenerator" not found
[2026-07-30 20:10:46] [INFO] GET /message-id-test
[2026-07-30 20:10:51] [INFO] GET /message-id-test
[2026-07-30 20:10:53] [INFO] GET /message-id-test
[2026-07-30 20:14:02] [INFO] GET /message-test'
[2026-07-30 20:14:17] [INFO] GET /message-test'
[2026-07-30 20:14:25] [INFO] GET /message-test
[2026-07-30 20:14:28] [INFO] GET /message-test
[2026-07-30 20:16:51] [INFO] GET /send-test
[2026-07-30 20:16:52] [INFO] Mail sent to admin@btm-sa.co.za with subject "Sendity Test"
[2026-07-30 20:21:44] [INFO] GET /send-test
[2026-07-30 20:21:46] [INFO] Mail sent to admin@btm-sa.co.za with subject "Sendity Test"
[2026-07-30 21:15:40] [INFO] GET /send-test
[2026-07-30 21:15:42] [INFO] Mail sent to admin@btm-sa.co.za with subject "Sendity Test"
[2026-07-31 07:21:59] [INFO] GET /send-test
[2026-07-31 07:22:01] [INFO] Mail sent to admin@btm-sa.co.za with subject "Sendity Test"
[2026-07-31 07:32:57] [INFO] GET /send-test
[2026-07-31 07:32:59] [INFO] Mail sent to admin@btm-sa.co.za with subject "Sendity Test"
[2026-07-31 15:18:34] [INFO] GET /send-test
[2026-07-31 15:24:07] [INFO] GET /send-test
[2026-07-31 15:24:07] [ERROR] [9A90C665] TypeError: Cannot assign null to property Sendity\Audit\Stores\JsonAuditStore::$directory of type string
[2026-07-31 15:24:43] [INFO] GET /send-test
[2026-07-31 15:24:43] [ERROR] [F1312FFB] TypeError: Cannot assign null to property Sendity\Audit\Stores\JsonAuditStore::$directory of type string
[2026-07-31 15:33:24] [INFO] GET /send-test
[2026-07-31 15:33:26] [INFO] Mail sent to admin@btm-sa.co.za with subject "Sendity Test"
[2026-07-31 18:18:04] [INFO] GET /send-test
[2026-07-31 18:18:06] [INFO] Mail sent to admin@btm-sa.co.za with subject "Sendity Test"
